[  205748ms] [WARNING] [Vue warn]: Failed to resolve component: ReservationsView
If this is a native custom element, make sure to exclude it from component resolution via compilerOptions.isCustomElement. 
  at <SalesViewExtended onVnodeUnmounted=fn<onVnodeUnmounted> ref=Ref< null > key="/sales/reservations" > 
  at <BaseTransition mode="out-in" appear=false persisted=false  ... > 
  at <Transition name="fade-slide" mode="out-in" > 
  at <RouterView> 
  at <MainLayout onVnodeUnmounted=fn<onVnodeUnmounted> ref=Ref< Proxy(Object) > > 
  at <RouterView> 
  at <App> @ webpack-internal:///./node_modules/@vue/runtime-core/dist/runtime-core.esm-bundler.js:462
[  205797ms] [WARNING] [Vue warn]: Failed to resolve component: ReservationsView
If this is a native custom element, make sure to exclude it from component resolution via compilerOptions.isCustomElement. 
  at <SalesViewExtended onVnodeUnmounted=fn<onVnodeUnmounted> ref=Ref< null > key="/sales/reservations" > 
  at <BaseTransition mode="out-in" appear=false persisted=false  ... > 
  at <Transition name="fade-slide" mode="out-in" > 
  at <RouterView> 
  at <MainLayout onVnodeUnmounted=fn<onVnodeUnmounted> ref=Ref< Proxy(Object) > > 
  at <RouterView> 
  at <App> @ webpack-internal:///./node_modules/@vue/runtime-core/dist/runtime-core.esm-bundler.js:462
[  205844ms] [WARNING] [Vue warn]: Failed to resolve component: ReservationsView
If this is a native custom element, make sure to exclude it from component resolution via compilerOptions.isCustomElement. 
  at <SalesViewExtended onVnodeUnmounted=fn<onVnodeUnmounted> ref=Ref< null > key="/sales/reservations" > 
  at <BaseTransition mode="out-in" appear=false persisted=false  ... > 
  at <Transition name="fade-slide" mode="out-in" > 
  at <RouterView> 
  at <MainLayout onVnodeUnmounted=fn<onVnodeUnmounted> ref=Ref< Proxy(Object) > > 
  at <RouterView> 
  at <App> @ webpack-internal:///./node_modules/@vue/runtime-core/dist/runtime-core.esm-bundler.js:462
